// Jest Snapshot v1, https://goo.gl/fbAQLP

exports[`Animations should render bars 1`] = `"<div></div><div><div class="relative"><div class="absolute inset-0 z-10 flex justify-center items-center cursor-wait"><div class="outline outline-tint-500/20 p-4 bg-tint-50/50 backdrop-blur-sm rounded"><div class="fabric-bars" style="width: 2rem;"></div></div></div></div></div>"`;

exports[`Animations should render indicator 1`] = `"<div><div tabindex="0"><div style="display: contents;"><div class="flex gap-2 items-center p-4 h-12"><svg data-ref="animated-indicator" class="fabric-checkAnimation inline-block rounded-full" xmlns="http://www.w3.org/2000/svg" viewBox="0 0 52 52" aria-hidden="true"><circle class="fabric-circlePart" cx="26" cy="26" r="25"></circle><path class="fabric-iconPart" d="M26 22L26 41M27 22L27 41M25 22L25 41M26 11L26 16M27 11L27 16M25 11L25 16Z"></path></svg></div></div><div style="display: contents;"><div class="flex gap-2 items-center p-4 h-12"><svg data-ref="animated-indicator" class="fabric-checkAnimation inline-block rounded-full" xmlns="http://www.w3.org/2000/svg" viewBox="0 0 52 52" aria-hidden="true"><circle class="fabric-circlePart" cx="26" cy="26" r="25"></circle><path class="fabric-iconPart" d="M26 22L26 41M27 22L27 41M25 22L25 41M26 11L26 16M27 11L27 16M25 11L25 16Z"></path></svg></div></div><div style="display: contents;"><div class="flex gap-2 items-center p-4 h-12"><svg data-ref="animated-indicator" class="fabric-checkAnimation inline-block rounded-full" xmlns="http://www.w3.org/2000/svg" viewBox="0 0 52 52" aria-hidden="true"><circle class="fabric-circlePart" cx="26" cy="26" r="25"></circle><path class="fabric-iconPart" d="M14.1 27.2l7.1 7.2 16.7-16.8"></path></svg></div></div><div style="display: contents;"><div class="flex gap-2 items-center p-4 h-12"><svg data-ref="animated-indicator" class="fabric-checkAnimation inline-block rounded-full" xmlns="http://www.w3.org/2000/svg" viewBox="0 0 52 52" aria-hidden="true"><circle class="fabric-circlePart" cx="26" cy="26" r="25"></circle><path class="fabric-iconPart" d="M18.949 17.621c0.426-0.787 1.354-1.6 2.108-2.223 1.279-0.984 3.87-1.778 5.805-1.778 3.837 0 6.189 2.689 6.189 6.034 0 2.23-1.193 4.214-3.751 6.346-2.886 2.361-3.497 3.362-3.497 5.788v0c0-2.263 0.689-3.509 3.476-5.772 2.689-2.23 3.772-3.968 3.772-6.362 0-3.772-2.492-6.034-6.789-6.034-2.132 0-3.903 0.722-5.28 1.804-0.82 0.623-1.476 1.377-2.033 2.197zM26 41.329v0-2.948z"></path></svg></div></div><div style="display: contents;"><div class="flex gap-2 items-center p-4 h-12"><svg data-ref="animated-indicator" class="fabric-checkAnimation inline-block rounded-full" xmlns="http://www.w3.org/2000/svg" viewBox="0 0 52 52" aria-hidden="true"><circle class="fabric-circlePart" cx="26" cy="26" r="25"></circle><path class="fabric-iconPart" d="M14.1 14.1l23.8 23.8 m0,-23.8 l-23.8,23.8"></path></svg></div></div><div style="display: contents;"><div class="flex gap-2 items-center p-4 h-12"><svg data-ref="animated-indicator" class="fabric-checkAnimation inline-block rounded-full" style="stroke: var(--color-lilac);" xmlns="http://www.w3.org/2000/svg" viewBox="0 0 52 52" aria-hidden="true"><circle class="fabric-circlePart" cx="26" cy="26" r="25"></circle><path class="fabric-iconPart" d="M26.611 10.873c-0.002 1.015-0.002 2.071-0.002 3.086v11.777c0 3.086 0.002 2.232 0 3.288h-0.018c-0.001-1.056 0-0.202 0-3.288v-11.777c0-1.015 0-2.071-0.002-3.086zM26.59 37.472h0.018v3.655h-0.018z"></path></svg></div></div></div></div><div style="z-index: var(--z-overlay);" class="fabric-container__overlays pointer-events-none fixed inset-0 p-4 bg-transparent"></div><div style="z-index: var(--z-notifications);" class="fabric-container__notifs flex flex-nowrap pointer-events-none fixed inset-0 p-2 bg-transparent flex-col-reverse items-center justify-end"></div><div style="z-index: var(--z-notifications);" class="fabric-container__toasts flex flex-nowrap pointer-events-none fixed inset-0 p-4 bg-transparent flex-col items-end justify-end overflow-auto scroll-hide"></div><div style="z-index: var(--z-overlay);" class="fabric-container__overlays pointer-events-none fixed inset-0 p-4 bg-transparent"></div><div style="z-index: var(--z-notifications);" class="fabric-container__notifs flex flex-nowrap pointer-events-none fixed inset-0 p-2 bg-transparent flex-col-reverse items-center justify-end"></div><div style="z-index: var(--z-notifications);" class="fabric-container__toasts flex flex-nowrap pointer-events-none fixed inset-0 p-4 bg-transparent flex-col items-end justify-end overflow-auto scroll-hide"></div><div style="z-index: var(--z-overlay);" class="fabric-container__overlays pointer-events-none fixed inset-0 p-4 bg-transparent"></div><div style="z-index: var(--z-notifications);" class="fabric-container__notifs flex flex-nowrap pointer-events-none fixed inset-0 p-2 bg-transparent flex-col-reverse items-center justify-end"></div><div style="z-index: var(--z-notifications);" class="fabric-container__toasts flex flex-nowrap pointer-events-none fixed inset-0 p-4 bg-transparent flex-col items-end justify-end overflow-auto scroll-hide"></div><div style="z-index: var(--z-overlay);" class="fabric-container__overlays pointer-events-none fixed inset-0 p-4 bg-transparent"></div><div style="z-index: var(--z-notifications);" class="fabric-container__notifs flex flex-nowrap pointer-events-none fixed inset-0 p-2 bg-transparent flex-col-reverse items-center justify-end"></div><div style="z-index: var(--z-notifications);" class="fabric-container__toasts flex flex-nowrap pointer-events-none fixed inset-0 p-4 bg-transparent flex-col items-end justify-end overflow-auto scroll-hide"></div><div style="z-index: var(--z-overlay);" class="fabric-container__overlays pointer-events-none fixed inset-0 p-4 bg-transparent"></div><div style="z-index: var(--z-notifications);" class="fabric-container__notifs flex flex-nowrap pointer-events-none fixed inset-0 p-2 bg-transparent flex-col-reverse items-center justify-end"></div><div style="z-index: var(--z-notifications);" class="fabric-container__toasts flex flex-nowrap pointer-events-none fixed inset-0 p-4 bg-transparent flex-col items-end justify-end overflow-auto scroll-hide"></div><div style="z-index: var(--z-overlay);" class="fabric-container__overlays pointer-events-none fixed inset-0 p-4 bg-transparent"></div><div style="z-index: var(--z-notifications);" class="fabric-container__notifs flex flex-nowrap pointer-events-none fixed inset-0 p-2 bg-transparent flex-col-reverse items-center justify-end"></div><div style="z-index: var(--z-notifications);" class="fabric-container__toasts flex flex-nowrap pointer-events-none fixed inset-0 p-4 bg-transparent flex-col items-end justify-end overflow-auto scroll-hide"></div>"`;

exports[`Animations should render loader 1`] = `"<div></div><div></div><div></div><div></div><div><div class="relative"><div class="fabric-loader area-[loader] relative overflow-x-clip" data-ref="loading"><div class="absolute z-10 py-px inset-x-0 top-0 after:h-0.5 after:block after:bg-primary-500"></div></div></div></div>"`;

exports[`Animations should render skeleton 1`] = `"<div></div><div></div><div><div class="relative"><div class="p-2 animate-pulse flex gap-2 max-w-lg" data-ref="skeleton"><div class="bg-tint-100 rounded aspect-square h-12"></div><div class="flex-1 flex flex-col gap-2"><div class="bg-tint-100 h-3 rounded-full"></div><div class="flex gap-2"><div class="bg-tint-100 h-2 rounded-full basis-[30%]"></div><div class="bg-tint-100 h-2 rounded-full basis-[60%]"></div></div><div class="flex gap-2"><div class="bg-tint-100 h-2 rounded-full basis-[30%]"></div><div class="bg-tint-100 h-2 rounded-full basis-[60%]"></div></div></div></div></div></div>"`;

exports[`Animations should render spinner 1`] = `"<div></div><div></div><div></div><div><div class="relative"><div class="absolute inset-0 z-10 flex justify-center items-center cursor-wait" data-ref="spinner"><div class="outline outline-tint-500/20 p-4 bg-tint-50/50 backdrop-blur-sm rounded"><div class="fabric-spinner" style="width: 2rem;"></div></div></div></div></div>"`;
