// Jest Snapshot v1, https://goo.gl/fbAQLP

exports[`Callouts should render callout 1`] = `"<div><div class="max-w-2xl p-4"><fieldset class="block rounded-capped border max-w-full relative overflow-hidden mb-4 bg-tint-50 text-tint-700 border-tint-300"><div class="break-words whitespace-break-spaces p-2"><div class="flex flex-nowrap items-center text-xl pe-4 gap-2 mb-4 empty:mb-0"><dfn data-ref="calloutIcon" role="presentation" class="icon select-none overflow-hidden inline-block box-content leading-none not-italic text-center rounded" data-clickable="false" data-inner-clickable="false"><i class="mdi mdi-alien"></i></dfn><p class="flex-1" data-ref="calloutTitle">Callout Title</p></div><div class="pe-4"><p>Lorem ipsum</p></div></div></fieldset></div></div>"`;

exports[`Callouts should render callout with close 1`] = `"<div></div><div></div><div><div class="max-w-2xl p-4"><fieldset class="block rounded-capped border max-w-full relative overflow-hidden mb-4 bg-tint-50 text-tint-700 border-tint-300 border-dotted"><div class="break-words whitespace-break-spaces p-2"><div class="flex flex-nowrap items-center text-xl pe-4 gap-2 mb-4 empty:mb-0"><p class="flex-1" data-ref="calloutTitle">Callout Title</p></div><div class="pe-4"><p>Lorem ipsum</p></div></div><dfn data-ref="calloutClose" role="presentation" class="icon absolute end-2 top-2 select-none overflow-hidden inline-block box-content leading-none not-italic text-center rounded" style="font-size: 1.125rem;" data-clickable="true" data-inner-clickable="true"><svg viewBox="0 0 24 24"><path fill="currentColor" d="M5.293 6.707l5.293 5.293-5.293 5.293c-0.391 0.391-0.391 1.024 0 1.414s1.024 0.391 1.414 0l5.293-5.293 5.293 5.293c0.391 0.391 1.024 0.391 1.414 0s0.391-1.024 0-1.414l-5.293-5.293 5.293-5.293c0.391-0.391 0.391-1.024 0-1.414s-1.024-0.391-1.414 0l-5.293 5.293-5.293-5.293c-0.391-0.391-1.024-0.391-1.414 0s-0.391 1.024 0 1.414z"></path></svg></dfn></fieldset></div></div>"`;

exports[`Callouts should render callout with legend 1`] = `"<div></div><div><div class="max-w-2xl p-4"><fieldset class="block rounded-capped border max-w-full relative overflow-hidden mb-4 bg-tint-50 text-tint-700 border-tint-300 border-dashed"><legend class="px-2 mx-4 font-medium" data-ref="calloutLegend">Test Legend</legend><div class="break-words whitespace-break-spaces p-2"><div class="flex flex-nowrap items-center text-xl pe-4 gap-2 mb-4 empty:mb-0"><p class="flex-1" data-ref="calloutTitle">Callout Title</p></div><div class="pe-4"><p>Lorem ipsum</p></div></div><dfn data-ref="calloutClose" role="presentation" class="icon absolute end-2 top-0 select-none overflow-hidden inline-block box-content leading-none not-italic text-center rounded" style="font-size: 1.125rem;" data-clickable="true" data-inner-clickable="true"><svg viewBox="0 0 24 24"><path fill="currentColor" d="M5.293 6.707l5.293 5.293-5.293 5.293c-0.391 0.391-0.391 1.024 0 1.414s1.024 0.391 1.414 0l5.293-5.293 5.293 5.293c0.391 0.391 1.024 0.391 1.414 0s0.391-1.024 0-1.414l-5.293-5.293 5.293-5.293c0.391-0.391 0.391-1.024 0-1.414s-1.024-0.391-1.414 0l-5.293 5.293-5.293-5.293c-0.391-0.391-1.024-0.391-1.414 0s-0.391 1.024 0 1.414z"></path></svg></dfn></fieldset></div></div>"`;
