// Jest Snapshot v1, https://goo.gl/fbAQLP

exports[`Breadcrumbs should render breadcrumbs 1`] = `"<div><div class="p-4"><nav data-ref="breadcrumbs" data-variant="classic" class="breadcrumbs flex flex-nowrap items-center"><li class="breadcrumbLink" data-separator="/"><a class="link"><dfn data-ref="icon" role="presentation" class="icon select-none overflow-hidden inline-block box-content leading-none not-italic text-center rounded" data-clickable="false" data-inner-clickable="false"><i class="mdi mdi-home"></i></dfn></a></li><li class="breadcrumbLink" data-separator="/"><a class="link">Page 1</a></li></nav></div></div>"`;

exports[`Breadcrumbs should render breadcrumbs with overflow 1`] = `"<div></div><div><div class="p-4"><nav data-ref="breadcrumbs" data-variant="modern" class="breadcrumbs flex flex-nowrap items-center"><li class="breadcrumbLink" data-separator="/"><a class="link"><dfn data-ref="icon" role="presentation" class="icon select-none overflow-hidden inline-block box-content leading-none not-italic text-center rounded" data-clickable="false" data-inner-clickable="false"><i class="mdi mdi-home"></i></dfn></a></li><li class="breadcrumbLink" data-separator="/"><a class="link">Page 1</a></li><li class="breadcrumbLink" data-separator="/"><a class="link">Page 2</a></li><li class="breadcrumbLink" data-separator="/" data-ref="breadcrumbOverflow" data-inner-clickable="true"><a class="link" data-="true">...</a></li><li class="breadcrumbLink" data-separator="/"><a class="link">Page 7</a></li><li class="breadcrumbLink" data-separator="/"><a class="link">Page 8</a></li><li class="breadcrumbLink" data-separator="/"><a class="link">Page 9</a></li></nav></div></div>"`;
