// Jest Snapshot v1, https://goo.gl/fbAQLP

exports[`Chips should render chip 1`] = `"<div><div class="flex gap-2 items-center p-4"><div role="term" data-ref="chip" class="fabric-chip select-none inline-flex flex-nowrap items-center align-middle max-w-72 rounded" style="font-size: 0.875rem;" data-variant="outline" data-inner-clickable="false"><label data-ref="chipLabel" class="fabric-chipLabel truncate">Chip</label></div></div></div>"`;

exports[`Chips should render chip with icon 1`] = `"<div></div><div><div class="flex gap-2 items-center p-4"><div role="term" data-ref="chip" class="fabric-chip select-none inline-flex flex-nowrap items-center align-middle max-w-72 rounded rounded-full" style="font-size: 2rem;" data-variant="solid" data-inner-clickable="false"><dfn data-ref="chipIcon" role="presentation" class="fabric-icon select-none overflow-hidden box-content leading-none not-italic text-center rounded fabric-chipIcon m-1" data-clickable="false" data-inner-clickable="false"><i class="mdi mdi-alien"></i></dfn></div></div></div>"`;

exports[`Chips should render clickable chip 1`] = `"<div></div><div></div><div><div class="flex gap-2 items-center p-4"><div role="term" data-ref="chip" class="fabric-chip select-none inline-flex flex-nowrap items-center align-middle max-w-72 rounded clickable" data-inner-clickable="true"><label data-ref="chipLabel" class="fabric-chipLabel truncate">Chip</label></div></div></div>"`;

exports[`Chips should render disabled chip 1`] = `"<div></div><div></div><div></div><div><div class="flex gap-2 items-center p-4"><div role="term" data-ref="chip" class="fabric-chip select-none inline-flex flex-nowrap items-center align-middle max-w-72 rounded clickable disabled" data-inner-clickable="true"><label data-ref="chipLabel" class="fabric-chipLabel truncate">Chip</label></div></div></div>"`;

exports[`Chips should render removable chip 1`] = `"<div></div><div></div><div></div><div></div><div><div class="flex gap-2 items-center p-4"><div role="term" data-ref="chip" class="fabric-chip select-none inline-flex flex-nowrap items-center align-middle max-w-72 rounded" data-inner-clickable="false"><label data-ref="chipLabel" class="fabric-chipLabel truncate">Chip</label><span role="none" data-ref="chipRemove" data-inner-cliackable="true" class="fabric-chipRemove cursor-pointer pe-1 opacity-65 hover:opacity-90">Ã—</span></div></div></div>"`;
