// Jest Snapshot v1, https://goo.gl/fbAQLP

exports[`Button should render action message 1`] = `"<div></div><div></div><div></div><div></div><div></div><div></div><div tabindex="0"></div><div></div><div><div class="flex gap-2 items-center p-4"><div class="buttonWrapper relative align-text-top select-none focus-within:z-1 inline-block" data-ref="button"><button role="button" class="button pointer-events-auto cursor-pointer select-none flex flex-nowrap w-full h-full items-center border-0 -outline-offset-1 justify-center max-w-72 p-0 font-sans font-medium appearance-none focus-visible:ring-2 focus-visible:ring-offset-2 buttonInner" type="button" tabindex="0" data-inner-clickable="true" data-color="primary"><label class="buttonLabel truncate" data-colored-icon="false">Click Me</label></button></div></div></div>"`;

exports[`Button should render action message via prop 1`] = `"<div></div><div></div><div></div><div></div><div></div><div></div><div tabindex="0"></div><div></div><div></div><div><div class="flex gap-2 items-center p-4"><div class="buttonWrapper relative align-text-top select-none focus-within:z-1 inline-block" data-ref="button"><button role="button" class="button pointer-events-auto cursor-pointer select-none flex flex-nowrap w-full h-full items-center border-0 -outline-offset-1 justify-center max-w-72 p-0 font-sans font-medium appearance-none focus-visible:ring-2 focus-visible:ring-offset-2 buttonInner rounded-full" type="button" tabindex="0" data-inner-clickable="true" data-color="primary"><label class="buttonLabel truncate" data-colored-icon="false">Click Me</label></button></div></div></div>"`;

exports[`Button should render alt icon 1`] = `"<div></div><div></div><div><div class="flex gap-2 items-center p-4"><div class="buttonWrapper relative align-text-top select-none focus-within:z-1 inline-block" data-ref="button"><button role="button" class="button pointer-events-auto cursor-pointer select-none flex flex-nowrap w-full h-full items-center border-0 -outline-offset-1 justify-center max-w-72 p-0 font-sans font-medium appearance-none focus-visible:ring-2 focus-visible:ring-offset-2 buttonInner spinOnHover" type="button" tabindex="0" data-inner-clickable="true" data-color="primary"><dfn data-align="start" role="presentation" class="icon buttonIcon select-none overflow-hidden inline-block box-content leading-none not-italic text-center rounded" data-clickable="false"><i class="mdi mdi-bell"></i></dfn><dfn role="presentation" class="icon altIcon select-none overflow-hidden inline-block box-content leading-none not-italic text-center rounded" data-flip="true" data-clickable="false"><svg viewBox="0 0 24 24"><path fill="currentColor" d="M6.173 7.29l5.827 5.827 5.827-5.827 1.79 1.803-7.617 7.617-7.617-7.617 1.79-1.803z"></path></svg></dfn></button></div></div></div>"`;

exports[`Button should render icon only 1`] = `"<div></div><div><div class="flex gap-2 items-center p-4"><div class="buttonWrapper relative align-text-top select-none focus-within:z-1 inline-block" data-ref="button"><button role="button" class="button pointer-events-auto cursor-pointer select-none flex flex-nowrap w-full h-full items-center border-0 -outline-offset-1 justify-center max-w-72 p-0 font-sans font-medium appearance-none focus-visible:ring-2 focus-visible:ring-offset-2 buttonInner" type="button" tabindex="0" data-inner-clickable="true" data-color="primary"><dfn data-align="start" role="presentation" class="icon buttonIcon select-none overflow-hidden inline-block box-content leading-none not-italic text-center rounded" data-clickable="false"><i class="mdi mdi-bell"></i></dfn></button></div></div></div>"`;

exports[`Button should render label only 1`] = `"<div><div class="flex gap-2 items-center p-4"><div class="buttonWrapper relative align-text-top select-none focus-within:z-1 inline-block" data-ref="button"><button role="button" class="button pointer-events-auto cursor-pointer select-none flex flex-nowrap w-full h-full items-center border-0 -outline-offset-1 justify-center max-w-72 p-0 font-sans font-medium appearance-none focus-visible:ring-2 focus-visible:ring-offset-2 buttonInner" type="button" tabindex="0" data-inner-clickable="true" data-color="primary"><label class="buttonLabel truncate" data-colored-icon="false">Click Me</label></button></div></div></div>"`;

exports[`Button should render rounded full-width 1`] = `"<div></div><div></div><div></div><div><div class="flex gap-2 items-center p-4"><div class="buttonWrapper relative align-text-top select-none focus-within:z-1 block w-full" data-ref="button"><button role="button" class="button pointer-events-auto cursor-pointer select-none flex flex-nowrap w-full h-full items-center border-0 -outline-offset-1 justify-center max-w-72 p-0 font-sans font-medium appearance-none focus-visible:ring-2 focus-visible:ring-offset-2 buttonInner max-w-full w-full rounded-full" type="button" tabindex="0" data-inner-clickable="true" data-color="primary"><label class="buttonLabel truncate" data-colored-icon="false">Click Me!</label></button></div></div></div>"`;

exports[`Button should render with badge 1`] = `"<div></div><div></div><div></div><div></div><div></div><div></div><div tabindex="0"></div><div><div class="flex gap-2 items-center p-4"><div class="buttonWrapper relative align-text-top select-none focus-within:z-1 inline-block" data-ref="button"><button role="button" class="button pointer-events-auto cursor-pointer select-none flex flex-nowrap w-full h-full items-center border-0 -outline-offset-1 justify-center max-w-72 p-0 font-sans font-medium appearance-none focus-visible:ring-2 focus-visible:ring-offset-2 buttonInner" type="button" tabindex="0" data-inner-clickable="true" data-color="primary"><label class="buttonLabel truncate" data-colored-icon="false">Click Me</label><div class="contents inline-block"><div data-ref="badge" data-placement="" class="badge inline-block p-px min-w-2 min-h-2 text-center select-none rounded-full leading-none z-5 pointer-events-none relative"><span class="p-1">99</span></div></div></button></div></div></div>"`;
