// Jest Snapshot v1, https://goo.gl/fbAQLP

exports[`ButtonGroup should render buttons 1`] = `"<div><div class="flex gap-2 items-center p-4"><div data-ref="buttonGroup" class="buttonGroup inline-flex flex-nowrap align-middle rounded"><div class="buttonWrapper relative align-text-top select-none focus-within:z-1 inline-block" data-ref="button"><button role="button" class="button pointer-events-auto cursor-pointer select-none flex flex-nowrap w-full h-full items-center border-0 -outline-offset-1 justify-center max-w-72 p-0 font-sans font-medium appearance-none focus-visible:ring-2 focus-visible:ring-offset-2 buttonInner" type="button" tabindex="0" data-inner-clickable="true" data-color="primary"><label class="buttonLabel truncate" data-colored-icon="false">First</label></button></div><div class="buttonWrapper relative align-text-top select-none focus-within:z-1 inline-block" data-ref="button"><button role="button" class="button pointer-events-auto cursor-pointer select-none flex flex-nowrap w-full h-full items-center border-0 -outline-offset-1 justify-center max-w-72 p-0 font-sans font-medium appearance-none focus-visible:ring-2 focus-visible:ring-offset-2 buttonInner" type="button" tabindex="0" data-inner-clickable="true" data-color="primary"><label class="buttonLabel truncate" data-colored-icon="false">Second</label></button></div></div></div></div>"`;

exports[`ButtonGroup should render full-width 1`] = `"<div></div><div><div class="flex gap-2 items-center p-4"><div data-ref="buttonGroup" class="buttonGroup flex flex-nowrap align-middle rounded" data-testid="btngrp"><div class="buttonWrapper relative align-text-top select-none focus-within:z-1 block w-full" data-ref="button"><button role="button" class="button pointer-events-auto cursor-pointer select-none flex flex-nowrap w-full h-full items-center border-0 -outline-offset-1 justify-center max-w-72 p-0 font-sans font-medium appearance-none focus-visible:ring-2 focus-visible:ring-offset-2 buttonInner max-w-full w-full" type="button" tabindex="0" data-inner-clickable="true" data-color="primary"><label class="buttonLabel truncate" data-colored-icon="false">First</label></button></div><div class="buttonWrapper relative align-text-top select-none focus-within:z-1 block w-full" data-ref="button"><button role="button" class="button pointer-events-auto cursor-pointer select-none flex flex-nowrap w-full h-full items-center border-0 -outline-offset-1 justify-center max-w-72 p-0 font-sans font-medium appearance-none focus-visible:ring-2 focus-visible:ring-offset-2 buttonInner max-w-full w-full" type="button" tabindex="0" data-inner-clickable="true" data-color="primary"><label class="buttonLabel truncate" data-colored-icon="false">Second</label></button></div></div></div></div>"`;

exports[`ButtonGroup should render vertical 1`] = `"<div></div><div></div><div><div class="flex gap-2 items-center p-4"><div data-ref="buttonGroup" class="buttonGroup inline-flex flex-nowrap align-middle rounded vertical flex-col items-stretch" data-testid="btngrp"><div class="buttonWrapper relative align-text-top select-none focus-within:z-1 inline-block" data-ref="button"><button role="button" class="button pointer-events-auto cursor-pointer select-none flex flex-nowrap w-full h-full items-center border-0 -outline-offset-1 justify-center max-w-72 p-0 font-sans font-medium appearance-none focus-visible:ring-2 focus-visible:ring-offset-2 buttonInner" type="button" tabindex="0" data-inner-clickable="true" data-color="primary"><label class="buttonLabel truncate" data-colored-icon="false">First</label></button></div><div class="buttonWrapper relative align-text-top select-none focus-within:z-1 inline-block" data-ref="button"><button role="button" class="button pointer-events-auto cursor-pointer select-none flex flex-nowrap w-full h-full items-center border-0 -outline-offset-1 justify-center max-w-72 p-0 font-sans font-medium appearance-none focus-visible:ring-2 focus-visible:ring-offset-2 buttonInner" type="button" tabindex="0" data-inner-clickable="true" data-color="primary"><label class="buttonLabel truncate" data-colored-icon="false">Second</label></button></div></div></div></div>"`;
