// Jest Snapshot v1, https://goo.gl/fbAQLP

exports[`ConfirmButton should render confirm button 1`] = `"<div tabindex="0"><div style="display: contents;"><div class="flex gap-2 items-center p-4"><div class="fabric-buttonWrapper relative align-text-top select-none focus-within:z-1 inline-block" data-ref="button"><button role="button" class="fabric-button pointer-events-auto cursor-pointer select-none flex flex-nowrap w-full h-full items-center border-0 -outline-offset-1 justify-center max-w-72 p-0 font-sans font-medium appearance-none focus-visible:ring-2 focus-visible:ring-offset-2 buttonInner" type="button" tabindex="0" data-inner-clickable="true" data-color="primary" data-dropdown-open="false"><label class="fabric-buttonLabel truncate" data-colored-icon="false">Click Me</label></button></div></div></div></div><div style="z-index: var(--z-overlay);" class="fabric-container__overlays pointer-events-none fixed inset-0 p-4 bg-transparent"></div><div style="z-index: var(--z-notifications);" class="fabric-container__notifs flex flex-nowrap pointer-events-none fixed inset-0 p-2 bg-transparent flex-col-reverse items-center justify-end"></div><div style="z-index: var(--z-notifications);" class="fabric-container__toasts flex flex-nowrap pointer-events-none fixed inset-0 p-4 bg-transparent flex-col items-end justify-end overflow-auto scroll-hide"></div>"`;

exports[`ConfirmButton should render confirm button with action 1`] = `"<div tabindex="0"></div><div tabindex="0"><div style="display: contents;"><div class="flex gap-2 items-center p-4"><div class="fabric-buttonWrapper relative align-text-top select-none focus-within:z-1 inline-block" data-ref="button"><button role="button" class="fabric-button pointer-events-auto cursor-pointer select-none flex flex-nowrap w-full h-full items-center border-0 -outline-offset-1 justify-center max-w-72 p-0 font-sans font-medium appearance-none focus-visible:ring-2 focus-visible:ring-offset-2 buttonInner" type="button" tabindex="0" data-inner-clickable="true" data-color="primary" data-dropdown-open="false"><label class="fabric-buttonLabel truncate" data-colored-icon="false">Click Me</label></button></div></div></div></div><div style="z-index: var(--z-overlay);" class="fabric-container__overlays pointer-events-none fixed inset-0 p-4 bg-transparent"></div><div style="z-index: var(--z-notifications);" class="fabric-container__notifs flex flex-nowrap pointer-events-none fixed inset-0 p-2 bg-transparent flex-col-reverse items-center justify-end"></div><div style="z-index: var(--z-notifications);" class="fabric-container__toasts flex flex-nowrap pointer-events-none fixed inset-0 p-4 bg-transparent flex-col items-end justify-end overflow-auto scroll-hide"></div>"`;
