// Jest Snapshot v1, https://goo.gl/fbAQLP

exports[`Icons should render icon 1`] = `"<div tabindex="0"><div style="display: contents;"><div class="flex gap-2 items-center p-4"><div data-ref="navigator" class="inline-flex items-center leading-none"><dfn data-ref="previous" aria-label="previous" role="presentation" class="fabric-icon select-none overflow-hidden box-content leading-none not-italic text-center rounded text-[1em] p-1" data-flip="true" data-clickable="true" data-inner-clickable="true"><svg viewBox="0 0 24 24"><path fill="currentColor" d="M16.94 18.107l-6.107-6.107 6.107-6.12-1.88-1.88-8 8 8 8 1.88-1.893z"></path></svg></dfn><dfn data-ref="next" aria-label="next" role="presentation" class="fabric-icon select-none overflow-hidden box-content leading-none not-italic text-center rounded text-[1em] p-1" data-flip="true" data-clickable="true" data-inner-clickable="true"><svg viewBox="0 0 24 24"><path fill="currentColor" d="M7.453 18.107l6.107-6.107-6.107-6.12 1.88-1.88 8 8-8 8-1.88-1.893z"></path></svg></dfn></div></div></div></div>"`;
