// Jest Snapshot v1, https://goo.gl/fbAQLP

exports[`Avatar should render avatar 1`] = `"<div><div class="flex gap-2 items-center p-4"><dfn role="presentation" class="fabric-avatar select-none relative overflow-hidden inline-block box-content leading-none not-italic text-center rounded" style="font-size: 1.5rem;" data-clickable="false"><svg viewBox="0 0 36 36" fill="none" role="img" xmlns="http://www.w3.org/2000/svg" width="64" height="64"><mask id=":r0:" maskUnits="userSpaceOnUse" x="0" y="0" width="36" height="36"><rect width="36" height="36" fill="#FFFFFF"></rect></mask><g mask="url(#:r0:)"><rect width="36" height="36" fill="#92A1C6"></rect><rect x="0" y="0" width="36" height="36" transform="translate(6 2) rotate(252 18 18) scale(1)" fill="#F0AB3D" rx="6"></rect><g transform="translate(4 -1) rotate(2 18 18)"><path d="M15 19c2 1 4 1 6 0" stroke="#000000" fill="none" stroke-linecap="round"></path><rect x="12" y="14" width="1.5" height="2" rx="1" stroke="none" fill="#000000"></rect><rect x="22" y="14" width="1.5" height="2" rx="1" stroke="none" fill="#000000"></rect></g></g></svg></dfn></div></div>"`;

exports[`Avatar should render fallback avatar 1`] = `"<div></div><div></div><div><div class="flex gap-2 items-center p-4"><dfn role="presentation" class="fabric-avatar select-none relative overflow-hidden inline-block box-content leading-none not-italic text-center rounded" data-clickable="false"><svg viewBox="0 0 24 24"><path fill="currentColor" d="M5 5H7V11H5V5M10 5H8V11H10V5M5 19H7V13H5V19M10 13H8V19H10V17H15V15H10V13M2 21H4V3H2V21M20 3V7H13V5H11V11H13V9H20V15H18V13H16V19H18V17H20V21H22V3H20Z"></path></svg></dfn></div></div>"`;

exports[`Avatar should render fallback icon font 1`] = `"<div></div><div></div><div></div><div><div class="flex gap-2 items-center p-4"><dfn role="presentation" class="fabric-avatar select-none relative overflow-hidden inline-block box-content leading-none not-italic text-center rounded" data-clickable="false"><i class="mdi mdi-alien"></i></dfn></div></div>"`;

exports[`Avatar should render image avatar 1`] = `"<div></div><div></div><div></div><div></div><div><div class="flex gap-2 items-center p-4"><dfn role="presentation" class="fabric-avatar select-none relative overflow-hidden inline-block box-content leading-none not-italic text-center rounded-full" data-clickable="false"><div class="contents"><img alt="https://avatars.githubusercontent.com/u/47371134" class="align-baseline" src="https://avatars.githubusercontent.com/u/47371134"></div></dfn></div></div>"`;

exports[`Avatar should render text avatar 1`] = `"<div></div><div><div class="flex gap-2 items-center p-4"><dfn role="presentation" class="fabric-avatar select-none relative overflow-hidden inline-block box-content leading-none not-italic text-center rounded" style="font-size: 2rem;" data-clickable="false"><svg role="img"><text x="50%" y="50%" dy=".1em" dominant-baseline="middle" text-anchor="middle" style="font-size: .5em; font-weight: 500;">Sh</text></svg></dfn></div></div>"`;
