// Jest Snapshot v1, https://goo.gl/fbAQLP

exports[`AvatarGroup should render avatar 1`] = `"<div tabindex="0"><div style="display: contents;"><div class="flex gap-md items-center p-md"><div class="fabric-avatarGroup inline-flex flex-nowrap rounded" style="font-size: 2rem;"><dfn role="presentation" class="fabric-avatar select-none relative overflow-hidden inline-block box-content leading-none not-italic text-center rounded" data-clickable="false"><svg role="img"><text x="50%" y="50%" dy=".1em" dominant-baseline="middle" text-anchor="middle" style="font-size: .5em; font-weight: 500;">HB</text></svg></dfn><dfn role="presentation" class="fabric-avatar select-none relative overflow-hidden inline-block box-content leading-none not-italic text-center rounded" data-clickable="false"><i class="mdi mdi-react"></i></dfn></div></div></div></div><div style="z-index: var(--z-overlay);" class="fabric-container__overlays pointer-events-none fixed inset-0 p-4 bg-transparent"></div><div style="z-index: var(--z-notifications);" class="fabric-container__notifs flex flex-nowrap pointer-events-none fixed inset-0 p-2 bg-transparent flex-col-reverse items-center justify-end"></div><div style="z-index: var(--z-notifications);" class="fabric-container__toasts flex flex-nowrap pointer-events-none fixed inset-0 p-4 bg-transparent flex-col items-end justify-end overflow-auto scroll-hide"></div>"`;

exports[`AvatarGroup should render avatar with extra count 1`] = `"<div tabindex="0"></div><div tabindex="0"><div style="display: contents;"><div class="flex gap-md items-center p-md"><div class="fabric-avatarGroup inline-flex flex-nowrap rounded-full" style="font-size: 1.5rem;"><dfn role="presentation" class="fabric-avatar select-none relative overflow-hidden inline-block box-content leading-none not-italic text-center rounded" data-clickable="false"><svg role="img"><text x="50%" y="50%" dy=".1em" dominant-baseline="middle" text-anchor="middle" style="font-size: .5em; font-weight: 500;">HB</text></svg></dfn><dfn role="presentation" class="fabric-avatar select-none relative overflow-hidden inline-block box-content leading-none not-italic text-center rounded" data-clickable="false"><i class="mdi mdi-react"></i></dfn><dfn data-ref="avatarCount" class="fabric-avatar select-none relative overflow-hidden inline-block box-content leading-none not-italic text-center fabric-avatarGroup--extra"><svg><text x="50%" y="50%" dy=".1em" dominant-baseline="middle" text-anchor="middle" style="font-size: .375em; font-weight: 500;">+2</text></svg></dfn></div></div></div></div><div style="z-index: var(--z-overlay);" class="fabric-container__overlays pointer-events-none fixed inset-0 p-4 bg-transparent"></div><div style="z-index: var(--z-notifications);" class="fabric-container__notifs flex flex-nowrap pointer-events-none fixed inset-0 p-2 bg-transparent flex-col-reverse items-center justify-end"></div><div style="z-index: var(--z-notifications);" class="fabric-container__toasts flex flex-nowrap pointer-events-none fixed inset-0 p-4 bg-transparent flex-col items-end justify-end overflow-auto scroll-hide"></div>"`;
