// Jest Snapshot v1, https://goo.gl/fbAQLP

exports[`ActionLabel should render action label 1`] = `"<div tabindex="0"><div style="display: contents;"><div class="p-4"><div class="fabric-actionLabel flex overflow-hidden gap-1 items-center cursor-default select-none"><div data-ref="buttonGroup" class="fabric-buttonGroup fabric-actions overflow-hidden flex-content inline-flex flex-nowrap align-middle rounded" data-inner-clickable="true" style="--width: 0px;"></div><div class="flex-initial truncate">Click Me</div></div></div></div></div><div style="z-index: var(--z-overlay);" class="fabric-container__overlays pointer-events-none fixed inset-0 p-4 bg-transparent"></div><div style="z-index: var(--z-notifications);" class="fabric-container__notifs flex flex-nowrap pointer-events-none fixed inset-0 p-2 bg-transparent flex-col-reverse items-center justify-end"></div><div style="z-index: var(--z-notifications);" class="fabric-container__toasts flex flex-nowrap pointer-events-none fixed inset-0 p-4 bg-transparent flex-col items-end justify-end overflow-auto scroll-hide"></div>"`;

exports[`ActionLabel should render action label align end 1`] = `"<div tabindex="0"></div><div tabindex="0"><div style="display: contents;"><div class="p-4"><div class="fabric-actionLabel flex overflow-hidden gap-1 items-center cursor-default select-none"><div data-ref="buttonGroup" class="fabric-buttonGroup fabric-actions overflow-hidden flex-content order-2 inline-flex flex-nowrap align-middle rounded" data-inner-clickable="true" style="--width: 0px;"></div><div class="flex-initial truncate">Click Me</div></div></div></div></div><div style="z-index: var(--z-overlay);" class="fabric-container__overlays pointer-events-none fixed inset-0 p-4 bg-transparent"></div><div style="z-index: var(--z-notifications);" class="fabric-container__notifs flex flex-nowrap pointer-events-none fixed inset-0 p-2 bg-transparent flex-col-reverse items-center justify-end"></div><div style="z-index: var(--z-notifications);" class="fabric-container__toasts flex flex-nowrap pointer-events-none fixed inset-0 p-4 bg-transparent flex-col items-end justify-end overflow-auto scroll-hide"></div>"`;
