// Jest Snapshot v1, https://goo.gl/fbAQLP

exports[`Icons should render icon 1`] = `"<div tabindex="0"><div style="display: contents;"><div class="flex gap-2 items-center p-4"><dfn data-ref="icon" role="presentation" class="fabric-icon select-none overflow-hidden box-content leading-none not-italic text-center rounded" style="font-size: 1.125rem;" data-clickable="false" data-inner-clickable="false"><i class="mdi mdi-alien"></i></dfn></div></div></div><div style="z-index: var(--z-overlay);" class="fabric-container__overlays pointer-events-none fixed inset-0 p-4 bg-transparent"></div><div style="z-index: var(--z-notifications);" class="fabric-container__notifs flex flex-nowrap pointer-events-none fixed inset-0 p-2 bg-transparent flex-col-reverse items-center justify-end"></div><div style="z-index: var(--z-notifications);" class="fabric-container__toasts flex flex-nowrap pointer-events-none fixed inset-0 p-4 bg-transparent flex-col items-end justify-end overflow-auto scroll-hide"></div>"`;

exports[`Icons should render rounded icon 1`] = `"<div tabindex="0"></div><div tabindex="0"><div style="display: contents;"><div class="flex gap-2 items-center p-4"><dfn data-ref="icon" role="presentation" class="fabric-icon select-none overflow-hidden box-content leading-none not-italic text-center rounded-full animate-spin" style="font-size: 2rem;" data-clickable="false" data-inner-clickable="false"><i class="mdi mdi-alien"></i></dfn></div></div></div><div style="z-index: var(--z-overlay);" class="fabric-container__overlays pointer-events-none fixed inset-0 p-4 bg-transparent"></div><div style="z-index: var(--z-notifications);" class="fabric-container__notifs flex flex-nowrap pointer-events-none fixed inset-0 p-2 bg-transparent flex-col-reverse items-center justify-end"></div><div style="z-index: var(--z-notifications);" class="fabric-container__toasts flex flex-nowrap pointer-events-none fixed inset-0 p-4 bg-transparent flex-col items-end justify-end overflow-auto scroll-hide"></div>"`;

exports[`Icons should render text icon 1`] = `"<div tabindex="0"></div><div tabindex="0"></div><div tabindex="0"><div style="display: contents;"><div class="flex gap-2 items-center p-4"><dfn data-ref="icon" role="presentation" class="fabric-icon select-none overflow-hidden box-content leading-none not-italic text-center rounded" data-clickable="false" data-inner-clickable="false"><svg role="img"><text x="50%" y="50%" dy=".1em" dominant-baseline="middle" text-anchor="middle" style="font-size: .35em;">ABC</text></svg></dfn></div></div></div><div style="z-index: var(--z-overlay);" class="fabric-container__overlays pointer-events-none fixed inset-0 p-4 bg-transparent"></div><div style="z-index: var(--z-notifications);" class="fabric-container__notifs flex flex-nowrap pointer-events-none fixed inset-0 p-2 bg-transparent flex-col-reverse items-center justify-end"></div><div style="z-index: var(--z-notifications);" class="fabric-container__toasts flex flex-nowrap pointer-events-none fixed inset-0 p-4 bg-transparent flex-col items-end justify-end overflow-auto scroll-hide"></div>"`;
