// Jest Snapshot v1, https://goo.gl/fbAQLP

exports[`Badge should render badge 1`] = `"<div><div class="flex gap-2 items-center p-4"><div class="relative block"><dfn role="presentation" class="avatar select-none relative overflow-hidden inline-block box-content leading-none not-italic text-center rounded" data-clickable="false"><svg role="img"><text x="50%" y="50%" dy=".1em" dominant-baseline="middle" text-anchor="middle" style="font-size: .5em; font-weight: 500;">HB</text></svg></dfn><div data-ref="badge" data-placement="top-end" class="badge inline-block p-px min-w-2 min-h-2 text-center select-none rounded-full leading-none z-2 pointer-events-none absolute"><span class="p-1">Test</span></div></div></div></div>"`;

exports[`Badge should render icon badge 1`] = `"<div></div><div><div class="flex gap-2 items-center p-4"><div class="relative inline-block"><dfn role="presentation" class="avatar select-none relative overflow-hidden inline-block box-content leading-none not-italic text-center rounded" data-clickable="false"><svg role="img"><text x="50%" y="50%" dy=".1em" dominant-baseline="middle" text-anchor="middle" style="font-size: .5em; font-weight: 500;">HB</text></svg></dfn><div data-ref="badge" data-placement="top-end" class="badge inline-block p-px min-w-2 min-h-2 text-center select-none rounded-full leading-none z-2 pointer-events-none absolute"><dfn data-ref="icon" role="presentation" class="icon select-none overflow-hidden inline-block box-content leading-none not-italic text-center bg-lilac text-white rounded" data-clickable="false" data-inner-clickable="false"><i class="mdi mdi-alien"></i></dfn></div></div></div></div>"`;
